# serializer version: 1
# name: test_roadmap_snapshot
  list([
    dict({
      'deliverable_pillar': 'ðŸ”Ž SimplerFind',
      'deliverable_status': 'Done',
      'deliverable_title': 'Search *',
      'deliverable_url': 'https://github.com/HHS/simpler-grants-gov/issues/2200',
      'epic_title': 'Search API Engagement',
      'epic_url': 'https://github.com/HHS/simpler-grants-gov/issues/2719',
      'issue_closed_at': '2024-11-12',
      'issue_is_closed': True,
      'issue_opened_at': '2024-11-07',
      'issue_parent': 'https://github.com/HHS/simpler-grants-gov/issues/2719',
      'issue_points': None,
      'issue_state': 'closed',
      'issue_status': 'Done',
      'issue_title': 'Draft email content for participants',
      'issue_type': 'Task',
      'issue_url': 'https://github.com/HHS/simpler-grants-gov/issues/2763',
      'project_number': 13,
      'project_owner': 'HHS',
      'quad_end': '2025-01-09',
      'quad_id': '93412e1c',
      'quad_length': 122.0,
      'quad_name': 'Quad 1.1',
      'quad_start': '2024-09-09',
      'sprint_end': None,
      'sprint_id': None,
      'sprint_length': None,
      'sprint_name': None,
      'sprint_start': None,
    }),
    dict({
      'deliverable_pillar': None,
      'deliverable_status': None,
      'deliverable_title': None,
      'deliverable_url': None,
      'epic_title': None,
      'epic_url': None,
      'issue_closed_at': '2024-11-25',
      'issue_is_closed': True,
      'issue_opened_at': '2024-11-13',
      'issue_parent': None,
      'issue_points': None,
      'issue_state': 'closed',
      'issue_status': 'Done',
      'issue_title': '[DRAFT] Save and Subscribe to a Search - Not Ready for Feedback',
      'issue_type': 'Task',
      'issue_url': 'https://github.com/HHS/simpler-grants-gov/issues/2820',
      'project_number': 13,
      'project_owner': 'HHS',
      'quad_end': None,
      'quad_id': None,
      'quad_length': None,
      'quad_name': None,
      'quad_start': None,
      'sprint_end': None,
      'sprint_id': None,
      'sprint_length': None,
      'sprint_name': None,
      'sprint_start': None,
    }),
    dict({
      'deliverable_pillar': 'ðŸ”Ž SimplerFind',
      'deliverable_status': 'Done',
      'deliverable_title': 'Search *',
      'deliverable_url': 'https://github.com/HHS/simpler-grants-gov/issues/2200',
      'epic_title': 'Search API Engagement',
      'epic_url': 'https://github.com/HHS/simpler-grants-gov/issues/2719',
      'issue_closed_at': '2024-11-12',
      'issue_is_closed': True,
      'issue_opened_at': '2024-11-07',
      'issue_parent': 'https://github.com/HHS/simpler-grants-gov/issues/2719',
      'issue_points': None,
      'issue_state': 'closed',
      'issue_status': 'Done',
      'issue_title': 'Draft email content for participants',
      'issue_type': 'Task',
      'issue_url': 'https://github.com/HHS/simpler-grants-gov/issues/2763',
      'project_number': 17,
      'project_owner': 'HHS',
      'quad_end': '2025-01-09',
      'quad_id': '93412e1c',
      'quad_length': 122.0,
      'quad_name': 'Quad 1.1',
      'quad_start': '2024-09-09',
      'sprint_end': None,
      'sprint_id': None,
      'sprint_length': None,
      'sprint_name': None,
      'sprint_start': None,
    }),
    dict({
      'deliverable_pillar': None,
      'deliverable_status': None,
      'deliverable_title': None,
      'deliverable_url': None,
      'epic_title': None,
      'epic_url': None,
      'issue_closed_at': '2024-11-25',
      'issue_is_closed': True,
      'issue_opened_at': '2024-11-13',
      'issue_parent': None,
      'issue_points': None,
      'issue_state': 'closed',
      'issue_status': 'Done',
      'issue_title': '[DRAFT] Save and Subscribe to a Search - Not Ready for Feedback',
      'issue_type': 'Task',
      'issue_url': 'https://github.com/HHS/simpler-grants-gov/issues/2820',
      'project_number': 17,
      'project_owner': 'HHS',
      'quad_end': None,
      'quad_id': None,
      'quad_length': None,
      'quad_name': None,
      'quad_start': None,
      'sprint_end': None,
      'sprint_id': None,
      'sprint_length': None,
      'sprint_name': None,
      'sprint_start': None,
    }),
  ])
# ---
# name: test_sprint_snapshot
  'sprint_board_output() -> list[dict] | None'
# ---
